=============== B1-invoice-search (k=5) ===============
│      5 │          0 │ 1.000 │  1.000 │  1.000 │  1.000 │
└────────┴────────────┴───────┴────────┴────────┴────────┘
┌────────┬───────┐
│ Reward │ Count │
├────────┼───────┤
│ 1.0    │     5 │
└────────┴───────┘
Job Info
Total runtime: 6m 0s
Results written to jobs\B1-invoice-search\rollouts\result.json
Inspect results by running `harbor view jobs\B1-invoice-search`
Share results by running `harbor upload jobs\B1-invoice-search\rollouts`
=============== B2-audit-response-urgent (k=5) ===============
│      5 │          0 │ 0.000 │  0.000 │  0.000 │  0.000 │
└────────┴────────────┴───────┴────────┴────────┴────────┘
┌────────┬───────┐
│ Reward │ Count │
├────────┼───────┤
│ 0.0    │     5 │
└────────┴───────┘
Job Info
Total runtime: 2m 45s
Results written to jobs\B2-audit-response-urgent\rollouts\result.json
Inspect results by running `harbor view jobs\B2-audit-response-urgent`
Share results by running `harbor upload jobs\B2-audit-response-urgent\rollouts`
=============== B3-standing-practice-contributing (k=5) ===============
└────────┴────────────┴───────┴────────┴────────┴────────┘
┌────────┬───────┐
│ Reward │ Count │
├────────┼───────┤
│ 1.0    │     5 │
└────────┴───────┘
Job Info
Total runtime: 6m 18s
Results written to jobs\B3-standing-practice-contributing\rollouts\result.json
Inspect results by running `harbor view jobs\B3-standing-practice-contributing`
Share results by running `harbor upload 
jobs\B3-standing-practice-contributing\rollouts`
=============== B4-audit-trail-waiting-test (k=5) ===============
└────────┴────────────┴───────┴────────┴────────┴────────┘
┌────────┬───────┐
│ Reward │ Count │
├────────┼───────┤
│ 1.0    │     5 │
└────────┴───────┘
Job Info
Total runtime: 4m 13s
Results written to jobs\B4-audit-trail-waiting-test\rollouts\result.json
Inspect results by running `harbor view jobs\B4-audit-trail-waiting-test`
Share results by running `harbor upload 
jobs\B4-audit-trail-waiting-test\rollouts`
=============== B5-console-timeouts-perf (k=5) ===============
│      5 │          0 │ 1.000 │  1.000 │  1.000 │  1.000 │
└────────┴────────────┴───────┴────────┴────────┴────────┘
┌────────┬───────┐
│ Reward │ Count │
├────────┼───────┤
│ 1.0    │     5 │
└────────┴───────┘
Job Info
Total runtime: 8m 50s
Results written to jobs\B5-console-timeouts-perf\rollouts\result.json
Inspect results by running `harbor view jobs\B5-console-timeouts-perf`
Share results by running `harbor upload jobs\B5-console-timeouts-perf\rollouts`
=============== rollouts finished ===============
