=============== A1-crm-ref-archive (k=6) ===============
|      6 |          0 | 1.000 |  1.000 |  1.000 |  1.000 |
+--------------------------------------------------------+
+----------------+
| Reward | Count |
|--------+-------|
| 1.0    |     6 |
+----------------+
Job Info
Total runtime: 5m 0s
Results written to jobs\A1-crm-ref-archive\rollouts\result.json
Inspect results by running `harbor view jobs\A1-crm-ref-archive`
Share results by running `harbor upload jobs\A1-crm-ref-archive\rollouts`
=============== A2-escalation-bridge-urgent (k=6) ===============
+--------------------------------------------------------+
+----------------+
| Reward | Count |
|--------+-------|
| 1.0    |     6 |
+----------------+
Job Info
Total runtime: 5m 14s
Results written to jobs\A2-escalation-bridge-urgent\rollouts\result.json
Inspect results by running `harbor view jobs\A2-escalation-bridge-urgent`
Share results by running `harbor upload 
jobs\A2-escalation-bridge-urgent\rollouts`
=============== A3-standing-practice-contributing (k=6) ===============
+----------------+
+----------------------+
| Exception    | Count |
|--------------+-------|
| RuntimeError |     4 |
+----------------------+
Job Info
Total runtime: 5m 14s
Results written to jobs\A3-standing-practice-contributing\rollouts\result.json
Inspect results by running `harbor view jobs\A3-standing-practice-contributing`
Share results by running `harbor upload 
jobs\A3-standing-practice-contributing\rollouts`
=============== A4-joblog-waiting-test (k=6) ===============
| 1.0    |     3 |
+----------------+
+----------------------+
| Exception    | Count |
|--------------+-------|
| RuntimeError |     3 |
+----------------------+
Job Info
Total runtime: 5m 5s
Results written to jobs\A4-joblog-waiting-test\rollouts\result.json
Inspect results by running `harbor view jobs\A4-joblog-waiting-test`
Share results by running `harbor upload jobs\A4-joblog-waiting-test\rollouts`
=============== A5-export-timeouts-perf (k=6) ===============
|      6 |          0 | 1.000 |  1.000 |  1.000 |  1.000 |
+--------------------------------------------------------+
+----------------+
| Reward | Count |
|--------+-------|
| 1.0    |     6 |
+----------------+
Job Info
Total runtime: 5m 17s
Results written to jobs\A5-export-timeouts-perf\rollouts\result.json
Inspect results by running `harbor view jobs\A5-export-timeouts-perf`
Share results by running `harbor upload jobs\A5-export-timeouts-perf\rollouts`
=============== B1-invoice-search (k=6) ===============
|      6 |          0 | 1.000 |  1.000 |  1.000 |  1.000 |
+--------------------------------------------------------+
+----------------+
| Reward | Count |
|--------+-------|
| 1.0    |     6 |
+----------------+
Job Info
Total runtime: 4m 34s
Results written to jobs\B1-invoice-search\rollouts\result.json
Inspect results by running `harbor view jobs\B1-invoice-search`
Share results by running `harbor upload jobs\B1-invoice-search\rollouts`
=============== B2-audit-response-urgent (k=6) ===============
